// Jest Snapshot v1, https://goo.gl/fbAQLP

exports[`Тестирование компонента AddTask: соответствие снимку 1`] = `<div><input type="text" placeholder="Add a new task"></div>`;
