// Jest Snapshot v1, https://goo.gl/fbAQLP

exports[`Тестирование компонента DeleteTask: соответствие снимку 1`] = `<button>×</button>`;
