// Jest Snapshot v1, https://goo.gl/fbAQLP

exports[`Тестирование компонента DoneTask: соответствие снимку 1`] = `<div><input type="checkbox"> <label></label></div>`;
