// Jest Snapshot v1, https://goo.gl/fbAQLP

exports[`Тестирование компонента FooterBtn: соответствие снимку 1`] = `<label><input type="radio" name="radio-footer"><span>ALL</span></label>`;
