// Jest Snapshot v1, https://goo.gl/fbAQLP

exports[`Тестирование компонента FooterProgress: соответствие снимку 1`] = `<div><label><input type="radio" name="radio-footer"><span>All</span></label><label><input type="radio" name="radio-footer"><span>Active</span></label><label><input type="radio" name="radio-footer"><span>Completed</span></label></div>`;
