// Jest Snapshot v1, https://goo.gl/fbAQLP

exports[`Тестирование компонента Footer: соответствие снимку 1`] = `
<footer>
  <!---->
  <div><label><input type="radio" name="radio-footer"><span>All</span></label><label><input type="radio" name="radio-footer"><span>Active</span></label><label><input type="radio" name="radio-footer"><span>Completed</span></label></div>
</footer>
`;
